分类: 📺央视频道, 名称: CCTV-1, 有效: 2, IPv4: 48, IPv6: 0, 最小延迟: 312 ms, 最高速率: 4.75 M/s, 平均速率: 3.73 M/s, 最高分辨率: 1920x1080
分类: 📺央视频道, 名称: CCTV-2, 有效: 2, IPv4: 37, IPv6: 0, 最小延迟: 343 ms, 最高速率: 3.44 M/s, 平均速率: 2.72 M/s, 最高分辨率: 1920x1080
分类: 📺央视频道, 名称: CCTV-3, 有效: 3, IPv4: 36, IPv6: 0, 最小延迟: 377 ms, 最高速率: 7.00 M/s, 平均速率: 3.34 M/s, 最高分辨率: 1920x1080
分类: 📺央视频道, 名称: CCTV-4, 有效: 5, IPv4: 41, IPv6: 0, 最小延迟: 357 ms, 最高速率: 5.20 M/s, 平均速率: 3.16 M/s, 最高分辨率: 1920x1080
分类: 📺央视频道, 名称: CCTV-5, 有效: 4, IPv4: 49, IPv6: 0, 最小延迟: 318 ms, 最高速率: 7.95 M/s, 平均速率: 6.05 M/s, 最高分辨率: 1920x1080
分类: 📺央视频道, 名称: CCTV-5+, 有效: 1, IPv4: 32, IPv6: 0, 最小延迟: 468 ms, 最高速率: 4.02 M/s, 平均速率: 4.02 M/s, 最高分辨率: 1920x1080
分类: 📺央视频道, 名称: CCTV-6, 有效: 2, IPv4: 33, IPv6: 0, 最小延迟: 449 ms, 最高速率: 8.45 M/s, 平均速率: 7.28 M/s, 最高分辨率: 1920x1080
分类: 📺央视频道, 名称: CCTV-7, 有效: 2, IPv4: 38, IPv6: 0, 最小延迟: 351 ms, 最高速率: 5.45 M/s, 平均速率: 4.56 M/s, 最高分辨率: 1920x1080
分类: 📺央视频道, 名称: CCTV-8, 有效: 2, IPv4: 35, IPv6: 0, 最小延迟: 493 ms, 最高速率: 10.61 M/s, 平均速率: 5.85 M/s, 最高分辨率: 1920x1080
分类: 📺央视频道, 名称: CCTV-9, 有效: 3, IPv4: 35, IPv6: 0, 最小延迟: 367 ms, 最高速率: 6.04 M/s, 平均速率: 4.15 M/s, 最高分辨率: 1920x1080
分类: 📺央视频道, 名称: CCTV-10, 有效: 2, IPv4: 35, IPv6: 0, 最小延迟: 432 ms, 最高速率: 6.73 M/s, 平均速率: 5.78 M/s, 最高分辨率: 1920x1080
分类: 📺央视频道, 名称: CCTV-11, 有效: 2, IPv4: 33, IPv6: 0, 最小延迟: 358 ms, 最高速率: 6.50 M/s, 平均速率: 5.47 M/s, 最高分辨率: 1920x1080
分类: 📺央视频道, 名称: CCTV-12, 有效: 1, IPv4: 32, IPv6: 0, 最小延迟: 339 ms, 最高速率: 3.82 M/s, 平均速率: 3.82 M/s, 最高分辨率: 1920x1080
分类: 📺央视频道, 名称: CCTV-13, 有效: 3, IPv4: 37, IPv6: 0, 最小延迟: 322 ms, 最高速率: 6.02 M/s, 平均速率: 3.57 M/s, 最高分辨率: 1920x1080
分类: 📺央视频道, 名称: CCTV-14, 有效: 2, IPv4: 31, IPv6: 0, 最小延迟: 334 ms, 最高速率: 5.74 M/s, 平均速率: 4.32 M/s, 最高分辨率: 1920x1080
分类: 📺央视频道, 名称: CCTV-15, 有效: 3, IPv4: 36, IPv6: 0, 最小延迟: 275 ms, 最高速率: 6.65 M/s, 平均速率: 4.08 M/s, 最高分辨率: 1920x1080
分类: 📺央视频道, 名称: CCTV-16, 有效: 3, IPv4: 30, IPv6: 0, 最小延迟: 343 ms, 最高速率: 3.15 M/s, 平均速率: 2.29 M/s, 最高分辨率: 1920x1080
分类: 📺央视频道, 名称: CCTV-17, 有效: 2, IPv4: 28, IPv6: 0, 最小延迟: 313 ms, 最高速率: 2.20 M/s, 平均速率: 1.51 M/s, 最高分辨率: 1920x1080
分类: 📺央视频道, 名称: CETV-1, 有效: 0, IPv4: 20, IPv6: 0, 最小延迟: -1 ms, 最高速率: 0.00 M/s, 平均速率: 0.00 M/s, 最高分辨率: None
分类: 📺央视频道, 名称: CETV-2, 有效: 0, IPv4: 12, IPv6: 0, 最小延迟: -1 ms, 最高速率: 0.00 M/s, 平均速率: 0.00 M/s, 最高分辨率: None
分类: 📺央视频道, 名称: CETV-3, 有效: 0, IPv4: 4, IPv6: 0, 最小延迟: -1 ms, 最高速率: 0.00 M/s, 平均速率: 0.00 M/s, 最高分辨率: None
分类: 📺央视频道, 名称: CETV-4, 有效: 0, IPv4: 15, IPv6: 0, 最小延迟: -1 ms, 最高速率: 0.00 M/s, 平均速率: 0.00 M/s, 最高分辨率: None
分类: 📡卫视频道, 名称: 香港卫视, 有效: 0, IPv4: 10, IPv6: 0, 最小延迟: -1 ms, 最高速率: 0.00 M/s, 平均速率: 0.00 M/s, 最高分辨率: None
分类: 📡卫视频道, 名称: 广东卫视, 有效: 9, IPv4: 32, IPv6: 0, 最小延迟: 9 ms, 最高速率: 181.50 M/s, 平均速率: 31.19 M/s, 最高分辨率: 1920x1080
分类: 📡卫视频道, 名称: 浙江卫视, 有效: 3, IPv4: 26, IPv6: 0, 最小延迟: 409 ms, 最高速率: 8.15 M/s, 平均速率: 4.00 M/s, 最高分辨率: 1920x1080
分类: 📡卫视频道, 名称: 湖南卫视, 有效: 6, IPv4: 29, IPv6: 0, 最小延迟: 59 ms, 最高速率: 20.08 M/s, 平均速率: 10.99 M/s, 最高分辨率: 3840x2160
分类: 📡卫视频道, 名称: 北京卫视, 有效: 3, IPv4: 28, IPv6: 0, 最小延迟: 40 ms, 最高速率: 9.05 M/s, 平均速率: 4.21 M/s, 最高分辨率: 1920x1080
分类: 📡卫视频道, 名称: 湖北卫视, 有效: 2, IPv4: 20, IPv6: 0, 最小延迟: 398 ms, 最高速率: 8.27 M/s, 平均速率: 4.56 M/s, 最高分辨率: 1920x1080
分类: 📡卫视频道, 名称: 黑龙江卫视, 有效: 1, IPv4: 18, IPv6: 0, 最小延迟: 396 ms, 最高速率: 8.30 M/s, 平均速率: 8.30 M/s, 最高分辨率: 1920x1080
分类: 📡卫视频道, 名称: 安徽卫视, 有效: 1, IPv4: 15, IPv6: 0, 最小延迟: 2674 ms, 最高速率: 0.35 M/s, 平均速率: 0.35 M/s, 最高分辨率: 1920x1080
分类: 📡卫视频道, 名称: 重庆卫视, 有效: 1, IPv4: 18, IPv6: 0, 最小延迟: 425 ms, 最高速率: 7.85 M/s, 平均速率: 7.85 M/s, 最高分辨率: 1920x1080
分类: 📡卫视频道, 名称: 东方卫视, 有效: 3, IPv4: 23, IPv6: 0, 最小延迟: 448 ms, 最高速率: 14.49 M/s, 平均速率: 8.70 M/s, 最高分辨率: 1920x1080
分类: 📡卫视频道, 名称: 东南卫视, 有效: 1, IPv4: 18, IPv6: 0, 最小延迟: 465 ms, 最高速率: 7.01 M/s, 平均速率: 7.01 M/s, 最高分辨率: 1920x1080
分类: 📡卫视频道, 名称: 甘肃卫视, 有效: 1, IPv4: 15, IPv6: 0, 最小延迟: 402 ms, 最高速率: 8.12 M/s, 平均速率: 8.12 M/s, 最高分辨率: 1920x1080
分类: 📡卫视频道, 名称: 广西卫视, 有效: 1, IPv4: 15, IPv6: 0, 最小延迟: 438 ms, 最高速率: 7.40 M/s, 平均速率: 7.40 M/s, 最高分辨率: 1920x1080
分类: 📡卫视频道, 名称: 贵州卫视, 有效: 1, IPv4: 17, IPv6: 0, 最小延迟: 393 ms, 最高速率: 8.38 M/s, 平均速率: 8.38 M/s, 最高分辨率: 1920x1080
分类: 📡卫视频道, 名称: 海南卫视, 有效: 1, IPv4: 19, IPv6: 0, 最小延迟: 3051 ms, 最高速率: 0.52 M/s, 平均速率: 0.52 M/s, 最高分辨率: 1920x1080
分类: 📡卫视频道, 名称: 河北卫视, 有效: 0, IPv4: 14, IPv6: 0, 最小延迟: 4186 ms, 最高速率: 0.12 M/s, 平均速率: 0.00 M/s, 最高分辨率: 1920x1080
分类: 📡卫视频道, 名称: 河南卫视, 有效: 2, IPv4: 21, IPv6: 0, 最小延迟: 136 ms, 最高速率: 9.36 M/s, 平均速率: 7.28 M/s, 最高分辨率: 1920x1080
分类: 📡卫视频道, 名称: 吉林卫视, 有效: 1, IPv4: 17, IPv6: 0, 最小延迟: 475 ms, 最高速率: 10.43 M/s, 平均速率: 10.43 M/s, 最高分辨率: 1920x1080
分类: 📡卫视频道, 名称: 江苏卫视, 有效: 1, IPv4: 20, IPv6: 0, 最小延迟: 396 ms, 最高速率: 8.33 M/s, 平均速率: 8.33 M/s, 最高分辨率: 1920x1080
分类: 📡卫视频道, 名称: 江西卫视, 有效: 1, IPv4: 18, IPv6: 0, 最小延迟: 444 ms, 最高速率: 9.28 M/s, 平均速率: 9.28 M/s, 最高分辨率: 1920x1080
分类: 📡卫视频道, 名称: 辽宁卫视, 有效: 2, IPv4: 20, IPv6: 0, 最小延迟: 486 ms, 最高速率: 6.64 M/s, 平均速率: 3.58 M/s, 最高分辨率: 1920x1080
分类: 📡卫视频道, 名称: 内蒙古卫视, 有效: 0, IPv4: 12, IPv6: 0, 最小延迟: 10103 ms, 最高速率: 0.16 M/s, 平均速率: 0.00 M/s, 最高分辨率: 1920x1080
分类: 📡卫视频道, 名称: 宁夏卫视, 有效: 0, IPv4: 12, IPv6: 0, 最小延迟: 4079 ms, 最高速率: 0.13 M/s, 平均速率: 0.00 M/s, 最高分辨率: 720x576
分类: 📡卫视频道, 名称: 青海卫视, 有效: 1, IPv4: 12, IPv6: 0, 最小延迟: 442 ms, 最高速率: 9.31 M/s, 平均速率: 9.31 M/s, 最高分辨率: 1920x1080
分类: 📡卫视频道, 名称: 山东卫视, 有效: 1, IPv4: 20, IPv6: 0, 最小延迟: 461 ms, 最高速率: 10.34 M/s, 平均速率: 10.34 M/s, 最高分辨率: 1920x1080
分类: 📡卫视频道, 名称: 山西卫视, 有效: 0, IPv4: 8, IPv6: 0, 最小延迟: 1489 ms, 最高速率: 0.18 M/s, 平均速率: 0.00 M/s, 最高分辨率: 1920x1080
分类: 📡卫视频道, 名称: 陕西卫视, 有效: 1, IPv4: 8, IPv6: 0, 最小延迟: 431 ms, 最高速率: 10.49 M/s, 平均速率: 10.49 M/s, 最高分辨率: 1920x1080
分类: 📡卫视频道, 名称: 四川卫视, 有效: 2, IPv4: 23, IPv6: 0, 最小延迟: 50 ms, 最高速率: 19.13 M/s, 平均速率: 14.15 M/s, 最高分辨率: 1920x1080
分类: 📡卫视频道, 名称: 三沙卫视, 有效: 2, IPv4: 6, IPv6: 0, 最小延迟: 464 ms, 最高速率: 11.12 M/s, 平均速率: 5.69 M/s, 最高分辨率: 1920x1080
分类: 📡卫视频道, 名称: 深圳卫视, 有效: 2, IPv4: 24, IPv6: 0, 最小延迟: 87 ms, 最高速率: 13.66 M/s, 平均速率: 10.48 M/s, 最高分辨率: 1920x1080
分类: 📡卫视频道, 名称: 天津卫视, 有效: 3, IPv4: 25, IPv6: 0, 最小延迟: 410 ms, 最高速率: 9.02 M/s, 平均速率: 5.24 M/s, 最高分辨率: 1920x1080
分类: 📡卫视频道, 名称: 西藏卫视, 有效: 0, IPv4: 12, IPv6: 0, 最小延迟: 10127 ms, 最高速率: 0.17 M/s, 平均速率: 0.00 M/s, 最高分辨率: 720x576
分类: 📡卫视频道, 名称: 新疆卫视, 有效: 1, IPv4: 18, IPv6: 0, 最小延迟: 93 ms, 最高速率: 12.43 M/s, 平均速率: 12.43 M/s, 最高分辨率: 1920x1080
分类: 📡卫视频道, 名称: 云南卫视, 有效: 1, IPv4: 15, IPv6: 0, 最小延迟: 396 ms, 最高速率: 8.37 M/s, 平均速率: 8.37 M/s, 最高分辨率: 1920x1080
分类: ☘️广东频道, 名称: 广东珠江, 有效: 0, IPv4: 6, IPv6: 0, 最小延迟: 10250 ms, 最高速率: 0.01 M/s, 平均速率: 0.00 M/s, 最高分辨率: None
分类: ☘️广东频道, 名称: 广东体育, 有效: 0, IPv4: 15, IPv6: 0, 最小延迟: 7150 ms, 最高速率: 0.08 M/s, 平均速率: 0.00 M/s, 最高分辨率: 1920x1080
分类: ☘️广东频道, 名称: 广东新闻, 有效: 0, IPv4: 10, IPv6: 0, 最小延迟: 1597 ms, 最高速率: 0.11 M/s, 平均速率: 0.00 M/s, 最高分辨率: 720x576
分类: ☘️广东频道, 名称: 广东民生, 有效: 0, IPv4: 6, IPv6: 0, 最小延迟: 536 ms, 最高速率: 0.01 M/s, 平均速率: 0.00 M/s, 最高分辨率: None
分类: ☘️广东频道, 名称: 广州综合, 有效: 1, IPv4: 2, IPv6: 0, 最小延迟: 1540 ms, 最高速率: 0.38 M/s, 平均速率: 0.38 M/s, 最高分辨率: 1280x720
分类: ☘️广东频道, 名称: 大湾区卫视, 有效: 1, IPv4: 11, IPv6: 0, 最小延迟: 10071 ms, 最高速率: 0.84 M/s, 平均速率: 0.84 M/s, 最高分辨率: 1920x1080
分类: ☘️广东频道, 名称: 汕头综合, 有效: 0, IPv4: 1, IPv6: 0, 最小延迟: -1 ms, 最高速率: 0.00 M/s, 平均速率: 0.00 M/s, 最高分辨率: None
分类: ☘️广东频道, 名称: 广州影视, 有效: 0, IPv4: 11, IPv6: 0, 最小延迟: -1 ms, 最高速率: 0.00 M/s, 平均速率: 0.00 M/s, 最高分辨率: None
分类: ☘️广东频道, 名称: 广州竞赛, 有效: 0, IPv4: 12, IPv6: 0, 最小延迟: -1 ms, 最高速率: 0.00 M/s, 平均速率: 0.00 M/s, 最高分辨率: None
分类: ☘️广东频道, 名称: 江门综合, 有效: 0, IPv4: 1, IPv6: 0, 最小延迟: -1 ms, 最高速率: 0.00 M/s, 平均速率: 0.00 M/s, 最高分辨率: None
